// Jest Snapshot v1, https://goo.gl/fbAQLP

exports[`LoadingMessage should take a snapshot 1`] = `
<DocumentFragment>
  <div
    class="makeStyles-main-1"
  >
    <div
      class="MuiCircularProgress-root makeStyles-indicator-2 MuiCircularProgress-colorPrimary MuiCircularProgress-indeterminate"
      role="progressbar"
      style="width: 22px; height: 22px;"
    >
      <svg
        class="MuiCircularProgress-svg"
        viewBox="22 22 44 44"
      >
        <circle
          class="MuiCircularProgress-circle MuiCircularProgress-circleIndeterminate"
          cx="44"
          cy="44"
          fill="none"
          r="20.2"
          stroke-width="3.6"
        />
      </svg>
    </div>
    <p
      class="MuiTypography-root MuiTypography-body2"
    >
      Загрузка данных...
    </p>
  </div>
</DocumentFragment>
`;
